apiVersion: v1
kind: ServiceAccount
metadata:
  labels:
    app: cockroach-operator
  name: cockroach-operator-sa
  namespace: syn-cockroach-operator
